C51 COMPILER V9.60.7.0   SPI_MASTER                                                        04/14/2025 00:29:09 PAGE 1   


C51 COMPILER V9.60.7.0, COMPILATION OF MODULE SPI_MASTER
OBJECT MODULE PLACED IN .\Objects\SPI_master.obj
COMPILER INVOKED BY: D:\Keil_v5\C51\BIN\C51.EXE SPI_master.c OPTIMIZE(8,SPEED) BROWSE DEBUG OBJECTEXTEND PRINT(.\Listing
                    -s\SPI_master.lst) TABS(2) OBJECT(.\Objects\SPI_master.obj)

line level    source

   1          #include "spi.h"
   2          #include "lcd.h"
   3          #include <at89c5131.h>
   4          
   5          sbit SS = P3^0;
   6          
   7          void main(void) {
   8   1          unsigned int p1 = 41;
   9   1          unsigned int p2 = 43;
  10   1          unsigned int result = 0;
  11   1          char adc_ip_data_ascii[6]={0,0,0,0,0,'\0'};
  12   1          
  13   1          spi_master_init();          
  14   1          lcd_init();
  15   1          lcd_write_string("Master Initializing");
  16   1          
  17   1          // Send primes to slave
  18   1          SS = 0;                  // Select slave
  19   1          spi_trx(p1);         // Send data
  20   1          SS = 1;
  21   1          // lcd_write_string("NUM1");
  22   1          //lcd_cmd(0x01);
  23   1          msdelay(500);
  24   1          SS = 0;
  25   1          spi_trx(p2);
  26   1          SS = 1;
  27   1          // lcd_write_string("NUM2");
  28   1          // lcd_cmd(0x01);
  29   1          msdelay(500);
  30   1          // Wait and receive result from slave
  31   1          result = spi_trx(0);
  32   1          lcd_cmd(0x01);    // 1 = PRIME, 2 = NOT PRIME
  33   1          if (result == 1) {
  34   2              lcd_write_string("PRIME");
  35   2          } else if(result == 2){
  36   2              lcd_write_string("NOT PRIME");
  37   2          }
  38   1          else
  39   1          {
  40   2            lcd_write_string("ERROR 404");
  41   2            //int_to_string(result, adc_ip_data_ascii);
  42   2            //lcd_write_string(adc_ip_data_ascii);
  43   2          }
  44   1          while (1);  // Keep display on
  45   1      }


MODULE INFORMATION:   STATIC OVERLAYABLE
   CODE SIZE        =    633    ----
   CONSTANT SIZE    =     52    ----
   XDATA SIZE       =   ----    ----
   PDATA SIZE       =   ----    ----
   DATA SIZE        =      1      24
   IDATA SIZE       =   ----    ----
C51 COMPILER V9.60.7.0   SPI_MASTER                                                        04/14/2025 00:29:09 PAGE 2   

   BIT SIZE         =      1    ----
END OF MODULE INFORMATION.


C51 COMPILATION COMPLETE.  0 WARNING(S),  0 ERROR(S)
